Archive member included to satisfy reference by file (symbol)

e:/arm tools/imt_arm_course/imt_arm_course/02- tools/03- imt sdk/imt_sdk_win_64/imt_sdk_win_64/winarm/armgcc/bin/../lib/gcc/arm-none-eabi/7.2.1/../../../../arm-none-eabi/lib/thumb/v7-m\libg_nano.a(lib_a-errno.o)
                              ./system/src/newlib/_sbrk.o (__errno)
e:/arm tools/imt_arm_course/imt_arm_course/02- tools/03- imt sdk/imt_sdk_win_64/imt_sdk_win_64/winarm/armgcc/bin/../lib/gcc/arm-none-eabi/7.2.1/../../../../arm-none-eabi/lib/thumb/v7-m\libg_nano.a(lib_a-impure.o)
                              e:/arm tools/imt_arm_course/imt_arm_course/02- tools/03- imt sdk/imt_sdk_win_64/imt_sdk_win_64/winarm/armgcc/bin/../lib/gcc/arm-none-eabi/7.2.1/../../../../arm-none-eabi/lib/thumb/v7-m\libg_nano.a(lib_a-errno.o) (_impure_ptr)
e:/arm tools/imt_arm_course/imt_arm_course/02- tools/03- imt sdk/imt_sdk_win_64/imt_sdk_win_64/winarm/armgcc/bin/../lib/gcc/arm-none-eabi/7.2.1/../../../../arm-none-eabi/lib/thumb/v7-m\libg_nano.a(lib_a-memset.o)
                              ./src/BLServices_program.o (memset)
e:/arm tools/imt_arm_course/imt_arm_course/02- tools/03- imt sdk/imt_sdk_win_64/imt_sdk_win_64/winarm/armgcc/bin/../lib/gcc/arm-none-eabi/7.2.1/../../../../arm-none-eabi/lib/thumb/v7-m\libg_nano.a(lib_a-sprintf.o)
                              ./src/ESP_program.o (sprintf)
e:/arm tools/imt_arm_course/imt_arm_course/02- tools/03- imt sdk/imt_sdk_win_64/imt_sdk_win_64/winarm/armgcc/bin/../lib/gcc/arm-none-eabi/7.2.1/../../../../arm-none-eabi/lib/thumb/v7-m\libg_nano.a(lib_a-strlen.o)
                              ./system/src/diag/Trace.o (strlen)
e:/arm tools/imt_arm_course/imt_arm_course/02- tools/03- imt sdk/imt_sdk_win_64/imt_sdk_win_64/winarm/armgcc/bin/../lib/gcc/arm-none-eabi/7.2.1/../../../../arm-none-eabi/lib/thumb/v7-m\libg_nano.a(lib_a-vsnprintf.o)
                              ./system/src/diag/Trace.o (vsnprintf)
e:/arm tools/imt_arm_course/imt_arm_course/02- tools/03- imt sdk/imt_sdk_win_64/imt_sdk_win_64/winarm/armgcc/bin/../lib/gcc/arm-none-eabi/7.2.1/../../../../arm-none-eabi/lib/thumb/v7-m\libg_nano.a(lib_a-vsprintf.o)
                              ./src/BLPrint_program.o (vsprintf)
e:/arm tools/imt_arm_course/imt_arm_course/02- tools/03- imt sdk/imt_sdk_win_64/imt_sdk_win_64/winarm/armgcc/bin/../lib/gcc/arm-none-eabi/7.2.1/../../../../arm-none-eabi/lib/thumb/v7-m\libg_nano.a(lib_a-nano-svfprintf.o)
                              e:/arm tools/imt_arm_course/imt_arm_course/02- tools/03- imt sdk/imt_sdk_win_64/imt_sdk_win_64/winarm/armgcc/bin/../lib/gcc/arm-none-eabi/7.2.1/../../../../arm-none-eabi/lib/thumb/v7-m\libg_nano.a(lib_a-sprintf.o) (_svfprintf_r)
e:/arm tools/imt_arm_course/imt_arm_course/02- tools/03- imt sdk/imt_sdk_win_64/imt_sdk_win_64/winarm/armgcc/bin/../lib/gcc/arm-none-eabi/7.2.1/../../../../arm-none-eabi/lib/thumb/v7-m\libg_nano.a(lib_a-nano-vfprintf_i.o)
                              e:/arm tools/imt_arm_course/imt_arm_course/02- tools/03- imt sdk/imt_sdk_win_64/imt_sdk_win_64/winarm/armgcc/bin/../lib/gcc/arm-none-eabi/7.2.1/../../../../arm-none-eabi/lib/thumb/v7-m\libg_nano.a(lib_a-nano-svfprintf.o) (_printf_i)
e:/arm tools/imt_arm_course/imt_arm_course/02- tools/03- imt sdk/imt_sdk_win_64/imt_sdk_win_64/winarm/armgcc/bin/../lib/gcc/arm-none-eabi/7.2.1/../../../../arm-none-eabi/lib/thumb/v7-m\libg_nano.a(lib_a-memchr-stub.o)
                              e:/arm tools/imt_arm_course/imt_arm_course/02- tools/03- imt sdk/imt_sdk_win_64/imt_sdk_win_64/winarm/armgcc/bin/../lib/gcc/arm-none-eabi/7.2.1/../../../../arm-none-eabi/lib/thumb/v7-m\libg_nano.a(lib_a-nano-svfprintf.o) (memchr)
e:/arm tools/imt_arm_course/imt_arm_course/02- tools/03- imt sdk/imt_sdk_win_64/imt_sdk_win_64/winarm/armgcc/bin/../lib/gcc/arm-none-eabi/7.2.1/../../../../arm-none-eabi/lib/thumb/v7-m\libg_nano.a(lib_a-memcpy-stub.o)
                              e:/arm tools/imt_arm_course/imt_arm_course/02- tools/03- imt sdk/imt_sdk_win_64/imt_sdk_win_64/winarm/armgcc/bin/../lib/gcc/arm-none-eabi/7.2.1/../../../../arm-none-eabi/lib/thumb/v7-m\libg_nano.a(lib_a-nano-svfprintf.o) (memcpy)
e:/arm tools/imt_arm_course/imt_arm_course/02- tools/03- imt sdk/imt_sdk_win_64/imt_sdk_win_64/winarm/armgcc/bin/../lib/gcc/arm-none-eabi/7.2.1/../../../../arm-none-eabi/lib/thumb/v7-m\libg_nano.a(lib_a-memmove.o)
                              e:/arm tools/imt_arm_course/imt_arm_course/02- tools/03- imt sdk/imt_sdk_win_64/imt_sdk_win_64/winarm/armgcc/bin/../lib/gcc/arm-none-eabi/7.2.1/../../../../arm-none-eabi/lib/thumb/v7-m\libg_nano.a(lib_a-nano-svfprintf.o) (memmove)
e:/arm tools/imt_arm_course/imt_arm_course/02- tools/03- imt sdk/imt_sdk_win_64/imt_sdk_win_64/winarm/armgcc/bin/../lib/gcc/arm-none-eabi/7.2.1/../../../../arm-none-eabi/lib/thumb/v7-m\libg_nano.a(lib_a-nano-freer.o)
[...]
Memory Configuration

Name             Origin             Length             Attributes
RAM              0x20000000         0x00005000         xrw
CCMRAM           0x00000000         0x00000000         xrw
FLASH            0x08000000         0x00002400         xr
FLASHB1          0x00000000         0x00000000         xr
EXTMEMB0         0x00000000         0x00000000         xr
EXTMEMB1         0x00000000         0x00000000         xr
EXTMEMB2         0x00000000         0x00000000         xr
EXTMEMB3         0x00000000         0x00000000         xr
MEMORY_ARRAY     0x00000000         0x00000000         xrw
*default*        0x00000000         0xffffffff

Linker script and memory map

LOAD ./system/src/stm32f1-stdperiph/misc.o
LOAD ./system/src/stm32f1-stdperiph/stm32f10x_gpio.o
LOAD ./system/src/stm32f1-stdperiph/stm32f10x_rcc.o
LOAD ./system/src/newlib/_cxx.o
LOAD ./system/src/newlib/_exit.o
LOAD ./system/src/newlib/_sbrk.o
LOAD ./system/src/newlib/_startup.o
LOAD ./system/src/newlib/_syscalls.o
LOAD ./system/src/newlib/assert.o
LOAD ./system/src/diag/Trace.o
LOAD ./system/src/diag/trace_impl.o
LOAD ./system/src/cortexm/_initialize_hardware.o
LOAD ./system/src/cortexm/_reset_hardware.o
LOAD ./system/src/cortexm/exception_handlers.o
LOAD ./system/src/cmsis/system_stm32f10x.o
LOAD ./system/src/cmsis/vectors_stm32f10x.o
LOAD ./src/BLPrint_program.o
LOAD ./src/BLServices_program.o
LOAD ./src/Bootloader_program.o
LOAD ./src/ComM_program.o
LOAD ./src/ESP_program.o
LOAD ./src/FPEC_program.o
LOAD ./src/GPIO_program.o
LOAD ./src/Led_program.o
LOAD ./src/RCC_program.o
LOAD ./src/SW_program.o
LOAD ./src/SYSTICK_program.o
LOAD ./src/USART_program.o
LOAD ./src/Util_String_program.o
LOAD ./src/main.o
LOAD e:/arm tools/imt_arm_course/imt_arm_course/02- tools/03- imt sdk/imt_sdk_win_64/imt_sdk_win_64/winarm/armgcc/bin/../lib/gcc/arm-none-eabi/7.2.1/../../../../arm-none-eabi/lib/thumb/v7-m\libstdc++_nano.a
LOAD e:/arm tools/imt_arm_course/imt_arm_course/02- tools/03- imt sdk/imt_sdk_win_64/imt_sdk_win_64/winarm/armgcc/bin/../lib/gcc/arm-none-eabi/7.2.1/../../../../arm-none-eabi/lib/thumb/v7-m\libm.a
START GROUP
LOAD e:/arm tools/imt_arm_course/imt_arm_course/02- tools/03- imt sdk/imt_sdk_win_64/imt_sdk_win_64/winarm/armgcc/bin/../lib/gcc/arm-none-eabi/7.2.1/thumb/v7-m\libgcc.a
LOAD e:/arm tools/imt_arm_course/imt_arm_course/02- tools/03- imt sdk/imt_sdk_win_64/imt_sdk_win_64/winarm/armgcc/bin/../lib/gcc/arm-none-eabi/7.2.1/../../../../arm-none-eabi/lib/thumb/v7-m\libg_nano.a
LOAD e:/arm tools/imt_arm_course/imt_arm_course/02- tools/03- imt sdk/imt_sdk_win_64/imt_sdk_win_64/winarm/armgcc/bin/../lib/gcc/arm-none-eabi/7.2.1/../../../../arm-none-eabi/lib/thumb/v7-m\libc_nano.a
END GROUP
START GROUP
LOAD e:/arm tools/imt_arm_course/imt_arm_course/02- tools/03- imt sdk/imt_sdk_win_64/imt_sdk_win_64/winarm/armgcc/bin/../lib/gcc/arm-none-eabi/7.2.1/thumb/v7-m\libgcc.a
LOAD e:/arm tools/imt_arm_course/imt_arm_course/02- tools/03- imt sdk/imt_sdk_win_64/imt_sdk_win_64/winarm/armgcc/bin/../lib/gcc/arm-none-eabi/7.2.1/../../../../arm-none-eabi/lib/thumb/v7-m\libc_nano.a
END GROUP
                0x20005000                __stack = (ORIGIN (RAM) + LENGTH (RAM))
                0x20005000                _estack = __stack
                0x00000400                __Main_Stack_Size = 0x400
                [!provide]                PROVIDE (_Main_Stack_Size, __Main_Stack_Size)
                0x20004c00                __Main_Stack_Limit = (__stack - __Main_Stack_Size)
                [!provide]                PROVIDE (_Main_Stack_Limit, __Main_Stack_Limit)
                0x00000100                _Minimum_Stack_Size = 0x100
                0x20001510                PROVIDE (_Heap_Begin, _end_noinit)
                0x20004c00                PROVIDE (_Heap_Limit, (__stack - __Main_Stack_Size))

.isr_vector     0x08000000      0x350
 FILL mask 0xff
                0x08000000                __vectors_start = ABSOLUTE (.)
                0x08000000                __vectors_start__ = ABSOLUTE (.)
 *(.isr_vector)
 .isr_vector    0x08000000      0x10c ./system/src/cmsis/vectors_stm32f10x.o
                0x08000000                __isr_vectors
 *(.cfmconfig)
 *(.after_vectors .after_vectors.*)
 .after_vectors
                0x0800010c      0x114 ./system/src/newlib/_startup.o
                0x0800010c                _start
 .after_vectors
                0x08000220      0x12c ./system/src/cortexm/exception_handlers.o
                0x08000220                Reset_Handler
                0x08000226                NMI_Handler
                0x0800022a                HardFault_Handler
                0x0800023e                HardFault_Handler_C
                0x0800029c                MemManage_Handler
                0x080002a0                BusFault_Handler
                0x080002b4                BusFault_Handler_C
                0x080002e8                UsageFault_Handler
                0x080002fc                UsageFault_Handler_C
                0x08000330                SVC_Handler
                0x08000334                DebugMon_Handler
                0x08000338                PendSV_Handler
 .after_vectors
                0x0800034c        0x4 ./system/src/cmsis/vectors_stm32f10x.o
                0x0800034c                EXTI2_IRQHandler
                0x0800034c                TIM8_TRG_COM_IRQHandler
                0x0800034c                TIM8_CC_IRQHandler
                0x0800034c                TIM1_CC_IRQHandler
                0x0800034c                TIM6_IRQHandler
                0x0800034c                PVD_IRQHandler
                0x0800034c                SDIO_IRQHandler
                0x0800034c                CAN2_RX1_IRQHandler
                0x0800034c                EXTI3_IRQHandler
                0x0800034c                TIM8_TRG_COM_TIM14_IRQHandler
                0x0800034c                TIM1_UP_TIM10_IRQHandler
                0x0800034c                TIM8_UP_TIM13_IRQHandler
                0x0800034c                EXTI0_IRQHandler
                0x0800034c                I2C2_EV_IRQHandler
                0x0800034c                CAN1_RX0_IRQHandler
                0x0800034c                TIM1_UP_TIM16_IRQHandler
                0x0800034c                CAN2_SCE_IRQHandler
                0x0800034c                ADC1_2_IRQHandler
                0x0800034c                SPI1_IRQHandler
                0x0800034c                TAMPER_IRQHandler
                0x0800034c                TIM6_DAC_IRQHandler
                0x0800034c                TIM1_BRK_TIM9_IRQHandler
                0x0800034c                CAN2_RX0_IRQHandler
                0x0800034c                TIM8_UP_IRQHandler
                0x0800034c                DMA2_Channel2_IRQHandler
                0x0800034c                DMA1_Channel4_IRQHandler
                0x0800034c                USART3_IRQHandler
                0x0800034c                RTC_IRQHandler
                0x0800034c                DMA1_Channel7_IRQHandler
                0x0800034c                CAN1_RX1_IRQHandler
                0x0800034c                UART5_IRQHandler
                0x0800034c                ADC3_IRQHandler
                0x0800034c                TIM4_IRQHandler
                0x0800034c                DMA2_Channel1_IRQHandler
                0x0800034c                I2C1_EV_IRQHandler
                0x0800034c                DMA1_Channel6_IRQHandler
                0x0800034c                UART4_IRQHandler
                0x0800034c                DMA2_Channel4_IRQHandler
                0x0800034c                TIM3_IRQHandler
                0x0800034c                RCC_IRQHandler
                0x0800034c                TIM8_BRK_TIM12_IRQHandler
                0x0800034c                TIM1_TRG_COM_IRQHandler
                0x0800034c                DMA1_Channel1_IRQHandler
                0x0800034c                Default_Handler
                0x0800034c                CEC_IRQHandler
                0x0800034c                EXTI15_10_IRQHandler
                0x0800034c                TIM14_IRQHandler
                0x0800034c                TIM13_IRQHandler
                0x0800034c                TIM12_IRQHandler
                0x0800034c                TIM7_IRQHandler
                0x0800034c                CAN2_TX_IRQHandler
                0x0800034c                TIM5_IRQHandler
                0x0800034c                EXTI9_5_IRQHandler
                0x0800034c                ETH_WKUP_IRQHandler
                0x0800034c                SPI2_IRQHandler
                0x0800034c                CAN1_TX_IRQHandler
                0x0800034c                DMA2_Channel5_IRQHandler
                0x0800034c                DMA1_Channel5_IRQHandler
                0x0800034c                EXTI4_IRQHandler
                0x0800034c                USB_LP_CAN1_RX0_IRQHandler
                0x0800034c                TIM1_TRG_COM_TIM17_IRQHandler
                0x0800034c                USB_HP_CAN1_TX_IRQHandler
                0x0800034c                DMA1_Channel3_IRQHandler
                0x0800034c                FSMC_IRQHandler
                0x0800034c                ETH_IRQHandler
                0x0800034c                TIM1_UP_IRQHandler
                0x0800034c                WWDG_IRQHandler
                0x0800034c                TIM2_IRQHandler
                0x0800034c                OTG_FS_WKUP_IRQHandler
                0x0800034c                TIM1_TRG_COM_TIM11_IRQHandler
                0x0800034c                TIM1_BRK_IRQHandler
                0x0800034c                EXTI1_IRQHandler
                0x0800034c                RTCAlarm_IRQHandler
                0x0800034c                DMA2_Channel4_5_IRQHandler
                0x0800034c                USART2_IRQHandler
                0x0800034c                I2C2_ER_IRQHandler
                0x0800034c                DMA1_Channel2_IRQHandler
                0x0800034c                TIM8_BRK_IRQHandler
                0x0800034c                CAN1_SCE_IRQHandler
                0x0800034c                FLASH_IRQHandler
                0x0800034c                USART1_IRQHandler
                0x0800034c                OTG_FS_IRQHandler
                0x0800034c                SPI3_IRQHandler
                0x0800034c                I2C1_ER_IRQHandler
                0x0800034c                USBWakeUp_IRQHandler
                0x0800034c                DMA2_Channel3_IRQHandler
                0x0800034c                TIM1_BRK_TIM15_IRQHandler

.inits          0x08000350       0x28
                0x08000350                __data_regions_array_start = .
                0x08000350        0x4 LONG 0x80022d8 LOADADDR (.data)
                0x08000354        0x4 LONG 0x20000000 ADDR (.data)
                0x08000358        0x4 LONG 0x200000d8 (ADDR (.data) + SIZEOF (.data))
                0x0800035c        0x4 LONG 0x80022d8 LOADADDR (.data_CCMRAM)
                0x08000360        0x4 LONG 0x0 ADDR (.data_CCMRAM)
                0x08000364        0x4 LONG 0x0 (ADDR (.data_CCMRAM) + SIZEOF (.data_CCMRAM))
                0x08000368                __data_regions_array_end = .
                0x08000368                __bss_regions_array_start = .
                0x08000368        0x4 LONG 0x200000d8 ADDR (.bss)
                0x0800036c        0x4 LONG 0x20001510 (ADDR (.bss) + SIZEOF (.bss))
                0x08000370        0x4 LONG 0x0 ADDR (.bss_CCMRAM)
                0x08000374        0x4 LONG 0x0 (ADDR (.bss_CCMRAM) + SIZEOF (.bss_CCMRAM))
                0x08000378                __bss_regions_array_end = .
 *(.init)
 *(.fini)
                0x08000378                . = ALIGN (0x4)
                0x08000378                PROVIDE (__preinit_array_start, .)
 *(.preinit_array_sysinit .preinit_array_sysinit.*)
 *(.preinit_array_platform .preinit_array_platform.*)
 *(.preinit_array .preinit_array.*)
                0x08000378                PROVIDE (__preinit_array_end, .)
                0x08000378                . = ALIGN (0x4)
                0x08000378                PROVIDE (__init_array_start, .)
 *(SORT_BY_NAME(.init_array.*))
 *(.init_array)
                0x08000378                PROVIDE (__init_array_end, .)
                0x08000378                . = ALIGN (0x4)
                0x08000378                PROVIDE (__fini_array_start, .)
 *(SORT_BY_NAME(.fini_array.*))
 *(.fini_array)
                0x08000378                PROVIDE (__fini_array_end, .)

.flashtext
 *(.flashtext .flashtext.*)

.text           0x08000378     0x1f5f
 *(.text .text.*)
 .text._exit    0x08000378        0x2 ./system/src/newlib/_exit.o
                0x08000378                _exit
 *fill*         0x0800037a        0x2 
 .text._sbrk    0x0800037c       0x44 ./system/src/newlib/_sbrk.o
                0x0800037c                _sbrk
 .text.__initialize_args
                0x080003c0       0x10 ./system/src/newlib/_syscalls.o
                0x080003c0                __initialize_args
 .text.trace_printf
                0x080003d0       0x30 ./system/src/diag/Trace.o
                0x080003d0                trace_printf
 .text._trace_write_semihosting_debug
                0x08000400       0x60 ./system/src/diag/trace_impl.o
 .text.trace_write
                0x08000460        0x8 ./system/src/diag/trace_impl.o
                0x08000460                trace_write
 .text.__initialize_hardware_early
                0x08000468       0x18 ./system/src/cortexm/_initialize_hardware.o
                0x08000468                __initialize_hardware_early
 .text.__initialize_hardware
                0x08000480        0x8 ./system/src/cortexm/_initialize_hardware.o
                0x08000480                __initialize_hardware
 .text.dumpExceptionStack
                0x08000488       0xf4 ./system/src/cortexm/exception_handlers.o
                0x08000488                dumpExceptionStack
 .text.isSemihosting
                0x0800057c       0x20 ./system/src/cortexm/exception_handlers.o
                0x0800057c                isSemihosting
 .text.SetSysClockTo72
                0x0800059c       0xc4 ./system/src/cmsis/system_stm32f10x.o
 .text.SetSysClock
                0x08000660        0x8 ./system/src/cmsis/system_stm32f10x.o
 .text.SystemInit
                0x08000668       0x50 ./system/src/cmsis/system_stm32f10x.o
                0x08000668                SystemInit
 .text.SystemCoreClockUpdate
                0x080006b8       0x94 ./system/src/cmsis/system_stm32f10x.o
                0x080006b8                SystemCoreClockUpdate
 .text.BlPrint_vPrintDebug
                0x0800074c        0x6 ./src/BLPrint_program.o
                0x0800074c                BlPrint_vPrintDebug
 *fill*         0x08000752        0x2 
 .text.Bl_vGetHexLineWifi
                0x08000754       0xd4 ./src/BLServices_program.o
                0x08000754                Bl_vGetHexLineWifi
 .text.BL_vHandleMEMWriteWIFICMD
                0x08000828       0xf2 ./src/BLServices_program.o
                0x08000828                BL_vHandleMEMWriteWIFICMD
 *fill*         0x0800091a        0x2 
 .text.BL_vStartUserApp
                0x0800091c       0x58 ./src/Bootloader_program.o
                0x0800091c                BL_vStartUserApp
 .text.ComM_xInit
                0x08000974       0x50 ./src/ComM_program.o
                0x08000974                ComM_xInit
 .text.ComM_xReceiveDataTillCharacter
                0x080009c4       0x5c ./src/ComM_program.o
                0x080009c4                ComM_xReceiveDataTillCharacter
 .text.ComM_xReceiveDatawithStartEnd
                0x08000a20       0xa8 ./src/ComM_program.o
                0x08000a20                ComM_xReceiveDatawithStartEnd
 .text.ComM_xSendDataTillCharacter
                0x08000ac8       0x5c ./src/ComM_program.o
                0x08000ac8                ComM_xSendDataTillCharacter
 .text.ComM_xSendDataTillCharacterWithDelay
                0x08000b24       0x6c ./src/ComM_program.o
                0x08000b24                ComM_xSendDataTillCharacterWithDelay
 .text.ESP_xSendCmd
                0x08000b90       0x14 ./src/ESP_program.o
 .text.ESP_xValidateCmd
                0x08000ba4       0x38 ./src/ESP_program.o
 .text.ESP_xSendCmdWithDelay
                0x08000bdc       0x18 ./src/ESP_program.o
 .text.ESP_xInit
                0x08000bf4       0x44 ./src/ESP_program.o
                0x08000bf4                ESP_xInit
 .text.ESP_xServerConnect
                0x08000c38       0x50 ./src/ESP_program.o
                0x08000c38                ESP_xServerConnect
 .text.ESP_xGetData
                0x08000c88       0x94 ./src/ESP_program.o
                0x08000c88                ESP_xGetData
 .text.ESP_xGetDataCustomStart
                0x08000d1c       0x98 ./src/ESP_program.o
                0x08000d1c                ESP_xGetDataCustomStart
 .text.FPEC_vUnLock
                0x08000db4       0x20 ./src/FPEC_program.o
 .text.FPEC_vLock
                0x08000dd4       0x1c ./src/FPEC_program.o
 .text.FPEC_xPageErase
                0x08000df0       0x5c ./src/FPEC_program.o
                0x08000df0                FPEC_xPageErase
 .text.FPEC_xProgrammHalfword
                0x08000e4c       0x48 ./src/FPEC_program.o
                0x08000e4c                FPEC_xProgrammHalfword
 .text.GPIO_vConfgPin_Mode
                0x08000e94       0x46 ./src/GPIO_program.o
 .text.GPIO_vInit
                0x08000eda        0xc ./src/GPIO_program.o
 .text.GPIO_vInitPortPin
                0x08000ee6       0x1e ./src/GPIO_program.o
                0x08000ee6                GPIO_vInitPortPin
 .text.GPIO_vWritePortPin
                0x08000f04       0x1c ./src/GPIO_program.o
                0x08000f04                GPIO_vWritePortPin
 .text.LED_xSetState
                0x08000f20       0x24 ./src/Led_program.o
                0x08000f20                LED_xSetState
 .text.RCC_vClockSource
                0x08000f44       0xc8 ./src/RCC_program.o
 .text.RCC_vPLL_Clock_Source
                0x0800100c       0xbc ./src/RCC_program.o
 .text.RCC_vPLL_Mul
                0x080010c8       0x10 ./src/RCC_program.o
 .text.RCC_vBus_Prescaler
                0x080010d8       0x40 ./src/RCC_program.o
 .text.RCC_vClockInit
                0x08001118       0x2a ./src/RCC_program.o
                0x08001118                RCC_vClockInit
 *fill*         0x08001142        0x2 
 .text.RCC_vSetCLKPeripheral
                0x08001144       0x80 ./src/RCC_program.o
                0x08001144                RCC_vSetCLKPeripheral
 .text.RCC_xGetAPB1_Freq
                0x080011c4       0x5c ./src/RCC_program.o
                0x080011c4                RCC_xGetAPB1_Freq
 .text.RCC_xGetAPB2_Freq
                0x08001220       0x5c ./src/RCC_program.o
                0x08001220                RCC_xGetAPB2_Freq
 .text.STK_vSetBusyWait
                0x0800127c       0x30 ./src/SYSTICK_program.o
                0x0800127c                STK_vSetBusyWait
 .text.SysTick_Handler
                0x080012ac       0x3c ./src/SYSTICK_program.o
                0x080012ac                SysTick_Handler
 .text.USART_xConfigWordLength
                0x080012e8       0x26 ./src/USART_program.o
 .text.USART_xConfigStopBits
                0x0800130e       0x22 ./src/USART_program.o
 .text.USART_xConfigParity
                0x08001330       0x4a ./src/USART_program.o
 .text.USART_xConfigFlowControl
                0x0800137a       0x12 ./src/USART_program.o
 .text.USART_xSetPins
                0x0800138c       0x80 ./src/USART_program.o
 .text.USART_xConfigBaudRate
                0x0800140c       0xa4 ./src/USART_program.o
 .text.USART_xInitStruct
                0x080014b0       0x22 ./src/USART_program.o
                0x080014b0                USART_xInitStruct
 .text.USART_xConfigState
                0x080014d2       0x26 ./src/USART_program.o
                0x080014d2                USART_xConfigState
 .text.USART_xConfigTX_RX
                0x080014f8       0x52 ./src/USART_program.o
                0x080014f8                USART_xConfigTX_RX
 .text.USART_xInit
                0x0800154a       0x74 ./src/USART_program.o
                0x0800154a                USART_xInit
 .text.USART_GetFlagStatus
                0x080015be       0x3e ./src/USART_program.o
                0x080015be                USART_GetFlagStatus
 .text.USART_xSendByteTimeOut
                0x080015fc       0x24 ./src/USART_program.o
                0x080015fc                USART_xSendByteTimeOut
 .text.USART_xGetByteTimeOut
                0x08001620       0x2c ./src/USART_program.o
                0x08001620                USART_xGetByteTimeOut
 .text.UtilString_xFindWord
                0x0800164c       0x3a ./src/Util_String_program.o
                0x0800164c                UtilString_xFindWord
 .text.UtilString_u16HexToDecLittleEndian
                0x08001686       0x6e ./src/Util_String_program.o
                0x08001686                UtilString_u16HexToDecLittleEndian
 .text.RCC_Init
                0x080016f4       0x48 ./src/main.o
                0x080016f4                RCC_Init
 .text.main     0x0800173c       0x14 ./src/main.o
                0x0800173c                main
 .text.__errno  0x08001750        0xc e:/arm tools/imt_arm_course/imt_arm_course/02- tools/03- imt sdk/imt_sdk_win_64/imt_sdk_win_64/winarm/armgcc/bin/../lib/gcc/arm-none-eabi/7.2.1/../../../../arm-none-eabi/lib/thumb/v7-m\libg_nano.a(lib_a-errno.o)
                0x08001750                __errno
 .text.memset   0x0800175c       0x10 e:/arm tools/imt_arm_course/imt_arm_course/02- tools/03- imt sdk/imt_sdk_win_64/imt_sdk_win_64/winarm/armgcc/bin/../lib/gcc/arm-none-eabi/7.2.1/../../../../arm-none-eabi/lib/thumb/v7-m\libg_nano.a(lib_a-memset.o)
                0x0800175c                memset
 .text.sprintf  0x0800176c       0x40 e:/arm tools/imt_arm_course/imt_arm_course/02- tools/03- imt sdk/imt_sdk_win_64/imt_sdk_win_64/winarm/armgcc/bin/../lib/gcc/arm-none-eabi/7.2.1/../../../../arm-none-eabi/lib/thumb/v7-m\libg_nano.a(lib_a-sprintf.o)
                0x0800176c                siprintf
                0x0800176c                sprintf
 .text          0x080017ac       0x10 e:/arm tools/imt_arm_course/imt_arm_course/02- tools/03- imt sdk/imt_sdk_win_64/imt_sdk_win_64/winarm/armgcc/bin/../lib/gcc/arm-none-eabi/7.2.1/../../../../arm-none-eabi/lib/thumb/v7-m\libg_nano.a(lib_a-strlen.o)
                0x080017ac                strlen
 .text._vsnprintf_r
                0x080017bc       0x58 e:/arm tools/imt_arm_course/imt_arm_course/02- tools/03- imt sdk/imt_sdk_win_64/imt_sdk_win_64/winarm/armgcc/bin/../lib/gcc/arm-none-eabi/7.2.1/../../../../arm-none-eabi/lib/thumb/v7-m\libg_nano.a(lib_a-vsnprintf.o)
                0x080017bc                _vsniprintf_r
                0x080017bc                _vsnprintf_r
 .text.vsnprintf
                0x08001814       0x1c e:/arm tools/imt_arm_course/imt_arm_course/02- tools/03- imt sdk/imt_sdk_win_64/imt_sdk_win_64/winarm/armgcc/bin/../lib/gcc/arm-none-eabi/7.2.1/../../../../arm-none-eabi/lib/thumb/v7-m\libg_nano.a(lib_a-vsnprintf.o)
                0x08001814                vsniprintf
                0x08001814                vsnprintf
 .text.__ssputs_r
                0x08001830       0xb4 e:/arm tools/imt_arm_course/imt_arm_course/02- tools/03- imt sdk/imt_sdk_win_64/imt_sdk_win_64/winarm/armgcc/bin/../lib/gcc/arm-none-eabi/7.2.1/../../../../arm-none-eabi/lib/thumb/v7-m\libg_nano.a(lib_a-nano-svfprintf.o)
                0x08001830                __ssputs_r
 .text._svfprintf_r
                0x080018e4      0x1ec e:/arm tools/imt_arm_course/imt_arm_course/02- tools/03- imt sdk/imt_sdk_win_64/imt_sdk_win_64/winarm/armgcc/bin/../lib/gcc/arm-none-eabi/7.2.1/../../../../arm-none-eabi/lib/thumb/v7-m\libg_nano.a(lib_a-nano-svfprintf.o)
                0x080018e4                _svfiprintf_r
                0x080018e4                _svfprintf_r
 .text._printf_common
                0x08001ad0       0xec e:/arm tools/imt_arm_course/imt_arm_course/02- tools/03- imt sdk/imt_sdk_win_64/imt_sdk_win_64/winarm/armgcc/bin/../lib/gcc/arm-none-eabi/7.2.1/../../../../arm-none-eabi/lib/thumb/v7-m\libg_nano.a(lib_a-nano-vfprintf_i.o)
                0x08001ad0                _printf_common
 .text._printf_i
                0x08001bbc      0x224 e:/arm tools/imt_arm_course/imt_arm_course/02- tools/03- imt sdk/imt_sdk_win_64/imt_sdk_win_64/winarm/armgcc/bin/../lib/gcc/arm-none-eabi/7.2.1/../../../../arm-none-eabi/lib/thumb/v7-m\libg_nano.a(lib_a-nano-vfprintf_i.o)
                0x08001bbc                _printf_i
 .text.memchr   0x08001de0       0x1c e:/arm tools/imt_arm_course/imt_arm_course/02- tools/03- imt sdk/imt_sdk_win_64/imt_sdk_win_64/winarm/armgcc/bin/../lib/gcc/arm-none-eabi/7.2.1/../../../../arm-none-eabi/lib/thumb/v7-m\libg_nano.a(lib_a-memchr-stub.o)
                0x08001de0                memchr
 .text.memcpy   0x08001dfc       0x16 e:/arm tools/imt_arm_course/imt_arm_course/02- tools/03- imt sdk/imt_sdk_win_64/imt_sdk_win_64/winarm/armgcc/bin/../lib/gcc/arm-none-eabi/7.2.1/../../../../arm-none-eabi/lib/thumb/v7-m\libg_nano.a(lib_a-memcpy-stub.o)
                0x08001dfc                memcpy
 .text.memmove  0x08001e12       0x32 e:/arm tools/imt_arm_course/imt_arm_course/02- tools/03- imt sdk/imt_sdk_win_64/imt_sdk_win_64/winarm/armgcc/bin/../lib/gcc/arm-none-eabi/7.2.1/../../../../arm-none-eabi/lib/thumb/v7-m\libg_nano.a(lib_a-memmove.o)
                0x08001e12                memmove
 .text._free_r  0x08001e44       0x98 e:/arm tools/imt_arm_course/imt_arm_course/02- tools/03- imt sdk/imt_sdk_win_64/imt_sdk_win_64/winarm/armgcc/bin/../lib/gcc/arm-none-eabi/7.2.1/../../../../arm-none-eabi/lib/thumb/v7-m\libg_nano.a(lib_a-nano-freer.o)
                0x08001e44                _free_r
 .text._malloc_r
                0x08001edc       0xb4 e:/arm tools/imt_arm_course/imt_arm_course/02- tools/03- imt sdk/imt_sdk_win_64/imt_sdk_win_64/winarm/armgcc/bin/../lib/gcc/arm-none-eabi/7.2.1/../../../../arm-none-eabi/lib/thumb/v7-m\libg_nano.a(lib_a-nano-mallocr.o)
                0x08001edc                _malloc_r
 .text._realloc_r
                0x08001f90       0x4c e:/arm tools/imt_arm_course/imt_arm_course/02- tools/03- imt sdk/imt_sdk_win_64/imt_sdk_win_64/winarm/armgcc/bin/../lib/gcc/arm-none-eabi/7.2.1/../../../../arm-none-eabi/lib/thumb/v7-m\libg_nano.a(lib_a-nano-reallocr.o)
                0x08001f90                _realloc_r
 .text._sbrk_r  0x08001fdc       0x20 e:/arm tools/imt_arm_course/imt_arm_course/02- tools/03- imt sdk/imt_sdk_win_64/imt_sdk_win_64/winarm/armgcc/bin/../lib/gcc/arm-none-eabi/7.2.1/../../../../arm-none-eabi/lib/thumb/v7-m\libg_nano.a(lib_a-sbrkr.o)
                0x08001fdc                _sbrk_r
 .text.__malloc_lock
                0x08001ffc        0x2 e:/arm tools/imt_arm_course/imt_arm_course/02- tools/03- imt sdk/imt_sdk_win_64/imt_sdk_win_64/winarm/armgcc/bin/../lib/gcc/arm-none-eabi/7.2.1/../../../../arm-none-eabi/lib/thumb/v7-m\libg_nano.a(lib_a-mlock.o)
                0x08001ffc                __malloc_lock
 .text.__malloc_unlock
                0x08001ffe        0x2 e:/arm tools/imt_arm_course/imt_arm_course/02- tools/03- imt sdk/imt_sdk_win_64/imt_sdk_win_64/winarm/armgcc/bin/../lib/gcc/arm-none-eabi/7.2.1/../../../../arm-none-eabi/lib/thumb/v7-m\libg_nano.a(lib_a-mlock.o)
                0x08001ffe                __malloc_unlock
 .text._malloc_usable_size_r
                0x08002000       0x10 e:/arm tools/imt_arm_course/imt_arm_course/02- tools/03- imt sdk/imt_sdk_win_64/imt_sdk_win_64/winarm/armgcc/bin/../lib/gcc/arm-none-eabi/7.2.1/../../../../arm-none-eabi/lib/thumb/v7-m\libg_nano.a(lib_a-nano-msizer.o)
                0x08002000                _malloc_usable_size_r
 *(.rodata .rodata.* .constdata .constdata.*)
 .rodata.dumpExceptionStack.str1.4
                0x08002010      0x11a ./system/src/cortexm/exception_handlers.o
 *fill*         0x0800212a        0x2 
 .rodata.str1.4
                0x0800212c       0x2a ./system/src/cortexm/exception_handlers.o
 *fill*         0x08002156        0x2 
 .rodata.Bl_vGetHexLineWifi.str1.4
                0x08002158       0x7a ./src/BLServices_program.o
 *fill*         0x080021d2        0x2 
 .rodata.BL_vStartUserApp.str1.4
                0x080021d4       0x71 ./src/Bootloader_program.o
 *fill*         0x08002245        0x3 
 .rodata.ESP_xGetData.str1.4
                0x08002248       0x1c ./src/ESP_program.o
 .rodata.ESP_xInit.str1.4
                0x08002264       0x1a ./src/ESP_program.o
 *fill*         0x0800227e        0x2 
 .rodata.ESP_xServerConnect.str1.4
                0x08002280       0x24 ./src/ESP_program.o
 .rodata._svfprintf_r.str1.1
                0x080022a4       0x11 e:/arm tools/imt_arm_course/imt_arm_course/02- tools/03- imt sdk/imt_sdk_win_64/imt_sdk_win_64/winarm/armgcc/bin/../lib/gcc/arm-none-eabi/7.2.1/../../../../arm-none-eabi/lib/thumb/v7-m\libg_nano.a(lib_a-nano-svfprintf.o)
 .rodata._printf_i.str1.1
                0x080022b5       0x22 e:/arm tools/imt_arm_course/imt_arm_course/02- tools/03- imt sdk/imt_sdk_win_64/imt_sdk_win_64/winarm/armgcc/bin/../lib/gcc/arm-none-eabi/7.2.1/../../../../arm-none-eabi/lib/thumb/v7-m\libg_nano.a(lib_a-nano-vfprintf_i.o)
 *(vtable)
 *(.eh_frame*)
 *(.glue_7)
 .glue_7        0x080022d7        0x0 linker stubs
 *(.glue_7t)
 .glue_7t       0x080022d7        0x0 linker stubs

.vfp11_veneer   0x080022d8        0x0
 .vfp11_veneer  0x080022d8        0x0 linker stubs

.v4_bx          0x080022d8        0x0
 .v4_bx         0x080022d8        0x0 linker stubs

.iplt           0x080022d8        0x0
 .iplt          0x080022d8        0x0 ./system/src/newlib/_exit.o

.rel.dyn        0x080022d8        0x0
 .rel.iplt      0x080022d8        0x0 ./system/src/newlib/_exit.o

.ARM.extab
 *(.ARM.extab* .gnu.linkonce.armextab.*)
                0x080022d8                . = ALIGN (0x4)
                0x080022d8                __exidx_start = .

.ARM.exidx
 *(.ARM.exidx* .gnu.linkonce.armexidx.*)
                0x080022d8                __exidx_end = .
                0x080022d8                . = ALIGN (0x4)
                0x080022d8                _etext = .
                0x080022d8                __etext = .

.data_CCMRAM    0x00000000        0x0 load address 0x080022d8
 FILL mask 0xff
 *(.data.CCMRAM .data.CCMRAM.*)
                0x00000000                . = ALIGN (0x4)
                0x080022d8                _sidata = LOADADDR (.data)

.data           0x20000000       0xd8 load address 0x080022d8
 FILL mask 0xff
                0x20000000                _sdata = .
                0x20000000                __data_start__ = .
 *(.data_begin .data_begin.*)
 .data_begin    0x20000000        0x4 ./system/src/newlib/_startup.o
 *(.data .data.*)
 .data.argv.4310
                0x20000004        0x8 ./system/src/newlib/_syscalls.o
 .data.AHBPrescTable
                0x2000000c       0x10 ./system/src/cmsis/system_stm32f10x.o
                0x2000000c                AHBPrescTable
 .data.SystemCoreClock
                0x2000001c        0x4 ./system/src/cmsis/system_stm32f10x.o
                0x2000001c                SystemCoreClock
 .data.hEspCom  0x20000020       0x18 ./src/ESP_program.o
                0x20000020                hEspCom
 .data.Leds     0x20000038        0x8 ./src/Led_program.o
                0x20000038                Leds
 .data.USART1_Map
                0x20000040       0x10 ./src/USART_program.o
                0x20000040                USART1_Map
 .data.USART2_Map
                0x20000050       0x10 ./src/USART_program.o
                0x20000050                USART2_Map
 .data.USART3_Map
                0x20000060       0x10 ./src/USART_program.o
                0x20000060                USART3_Map
 .data._impure_ptr
                0x20000070        0x4 e:/arm tools/imt_arm_course/imt_arm_course/02- tools/03- imt sdk/imt_sdk_win_64/imt_sdk_win_64/winarm/armgcc/bin/../lib/gcc/arm-none-eabi/7.2.1/../../../../arm-none-eabi/lib/thumb/v7-m\libg_nano.a(lib_a-impure.o)
                0x20000070                _impure_ptr
 .data.impure_data
                0x20000074       0x60 e:/arm tools/imt_arm_course/imt_arm_course/02- tools/03- imt sdk/imt_sdk_win_64/imt_sdk_win_64/winarm/armgcc/bin/../lib/gcc/arm-none-eabi/7.2.1/../../../../arm-none-eabi/lib/thumb/v7-m\libg_nano.a(lib_a-impure.o)
 *(.data_end .data_end.*)
 .data_end      0x200000d4        0x4 ./system/src/newlib/_startup.o
                0x200000d8                . = ALIGN (0x4)
                0x200000d8                _edata = .
                0x200000d8                __data_end__ = .

.igot.plt       0x200000d8        0x0 load address 0x080023b0
 .igot.plt      0x200000d8        0x0 ./system/src/newlib/_exit.o

.bss_CCMRAM     0x00000000        0x0
 *(.bss.CCMRAM .bss.CCMRAM.*)

.bss            0x200000d8     0x1438
                0x200000d8                __bss_start__ = .
                0x200000d8                _sbss = .
 *(.bss_begin .bss_begin.*)
 .bss_begin     0x200000d8        0x4 ./system/src/newlib/_startup.o
 *(.bss .bss.*)
 .bss.current_heap_end.3961
                0x200000dc        0x4 ./system/src/newlib/_sbrk.o
 .bss.name.4309
                0x200000e0        0x1 ./system/src/newlib/_syscalls.o
 *fill*         0x200000e1        0x3 
 .bss.buf.5205  0x200000e4       0x80 ./system/src/diag/Trace.o
 .bss.Local_u16Index.4321
                0x20000164        0x2 ./src/BLServices_program.o
 *fill*         0x20000166        0x2 
 .bss.Wifi_Buffer
                0x20000168     0x1388 ./src/BLServices_program.o
 .bss.APB1Prescaler
                0x200014f0        0x4 ./src/RCC_program.o
 .bss.APB2Prescaler
                0x200014f4        0x4 ./src/RCC_program.o
 .bss.STK_u8IntervalMode
                0x200014f8        0x1 ./src/SYSTICK_program.o
 *fill*         0x200014f9        0x3 
 .bss.SysTick_CallBack
                0x200014fc        0x4 ./src/SYSTICK_program.o
 .bss.__malloc_free_list
                0x20001500        0x4 e:/arm tools/imt_arm_course/imt_arm_course/02- tools/03- imt sdk/imt_sdk_win_64/imt_sdk_win_64/winarm/armgcc/bin/../lib/gcc/arm-none-eabi/7.2.1/../../../../arm-none-eabi/lib/thumb/v7-m\libg_nano.a(lib_a-nano-mallocr.o)
                0x20001500                __malloc_free_list
 .bss.__malloc_sbrk_start
                0x20001504        0x4 e:/arm tools/imt_arm_course/imt_arm_course/02- tools/03- imt sdk/imt_sdk_win_64/imt_sdk_win_64/winarm/armgcc/bin/../lib/gcc/arm-none-eabi/7.2.1/../../../../arm-none-eabi/lib/thumb/v7-m\libg_nano.a(lib_a-nano-mallocr.o)
                0x20001504                __malloc_sbrk_start
 *(COMMON)
 COMMON         0x20001508        0x4 ./system/src/newlib/_syscalls.o
                0x20001508                errno
 *(.bss_end .bss_end.*)
 .bss_end       0x2000150c        0x4 ./system/src/newlib/_startup.o
                0x20001510                . = ALIGN (0x4)
                0x20001510                __bss_end__ = .
                0x20001510                _ebss = .

.noinit_CCMRAM
 *(.noinit.CCMRAM .noinit.CCMRAM.*)

.noinit         0x20001510        0x0
                0x20001510                _noinit = .
 *(.noinit .noinit.*)
                0x20001510                . = ALIGN (0x4)
                0x20001510                _end_noinit = .
                [!provide]                PROVIDE (end, _end_noinit)
                [!provide]                PROVIDE (_end, _end_noinit)
                [!provide]                PROVIDE (__end, _end_noinit)
                [!provide]                PROVIDE (__end__, _end_noinit)

._check_stack   0x20001510      0x100
                0x20001610                . = (. + _Minimum_Stack_Size)
 *fill*         0x20001510      0x100 

.b1text
 *(.b1text)
 *(.b1rodata)
 *(.b1rodata.*)

.eb0text
 *(.eb0text)
 *(.eb0rodata)
 *(.eb0rodata.*)

.eb1text
 *(.eb1text)
 *(.eb1rodata)
 *(.eb1rodata.*)

.eb2text
 *(.eb2text)
 *(.eb2rodata)
 *(.eb2rodata.*)

.eb3text
 *(.eb3text)
 *(.eb3rodata)
 *(.eb3rodata.*)

.stab
 *(.stab)

.stabstr
 *(.stabstr)

.stab.excl
 *(.stab.excl)

.stab.exclstr
 *(.stab.exclstr)

.stab.index
 *(.stab.index)

.stab.indexstr
 *(.stab.indexstr)

.comment        0x00000000       0x7e
 *(.comment)
 .comment       0x00000000       0x7e ./system/src/newlib/_exit.o
                                 0x7f (size before relaxing)
 .comment       0x0000007e       0x7f ./system/src/newlib/_sbrk.o
 .comment       0x0000007e       0x7f ./system/src/newlib/_startup.o
 .comment       0x0000007e       0x7f ./system/src/newlib/_syscalls.o
 .comment       0x0000007e       0x7f ./system/src/diag/Trace.o
 .comment       0x0000007e       0x7f ./system/src/diag/trace_impl.o
 .comment       0x0000007e       0x7f ./system/src/cortexm/_initialize_hardware.o
 .comment       0x0000007e       0x7f ./system/src/cortexm/exception_handlers.o
 .comment       0x0000007e       0x7f ./system/src/cmsis/system_stm32f10x.o
 .comment       0x0000007e       0x7f ./system/src/cmsis/vectors_stm32f10x.o
 .comment       0x0000007e       0x7f ./src/BLPrint_program.o
 .comment       0x0000007e       0x7f ./src/BLServices_program.o
 .comment       0x0000007e       0x7f ./src/Bootloader_program.o
 .comment       0x0000007e       0x7f ./src/ComM_program.o
 .comment       0x0000007e       0x7f ./src/ESP_program.o
 .comment       0x0000007e       0x7f ./src/FPEC_program.o
 .comment       0x0000007e       0x7f ./src/GPIO_program.o
 .comment       0x0000007e       0x7f ./src/Led_program.o
 .comment       0x0000007e       0x7f ./src/RCC_program.o
 .comment       0x0000007e       0x7f ./src/SYSTICK_program.o
 .comment       0x0000007e       0x7f ./src/USART_program.o
 .comment       0x0000007e       0x7f ./src/Util_String_program.o
 .comment       0x0000007e       0x7f ./src/main.o

.ARM.attributes
                0x00000000       0x31
 .ARM.attributes
                0x00000000       0x33 ./system/src/newlib/_exit.o
 .ARM.attributes
                0x00000033       0x33 ./system/src/newlib/_sbrk.o
 .ARM.attributes
                0x00000066       0x33 ./system/src/newlib/_startup.o
 .ARM.attributes
                0x00000099       0x33 ./system/src/newlib/_syscalls.o
 .ARM.attributes
                0x000000cc       0x33 ./system/src/diag/Trace.o
 .ARM.attributes
                0x000000ff       0x33 ./system/src/diag/trace_impl.o
 .ARM.attributes
                0x00000132       0x33 ./system/src/cortexm/_initialize_hardware.o
 .ARM.attributes
                0x00000165       0x33 ./system/src/cortexm/exception_handlers.o
 .ARM.attributes
                0x00000198       0x33 ./system/src/cmsis/system_stm32f10x.o
 .ARM.attributes
                0x000001cb       0x33 ./system/src/cmsis/vectors_stm32f10x.o
 .ARM.attributes
                0x000001fe       0x33 ./src/BLPrint_program.o
 .ARM.attributes
                0x00000231       0x33 ./src/BLServices_program.o
 .ARM.attributes
                0x00000264       0x33 ./src/Bootloader_program.o
 .ARM.attributes
                0x00000297       0x33 ./src/ComM_program.o
 .ARM.attributes
                0x000002ca       0x33 ./src/ESP_program.o
 .ARM.attributes
                0x000002fd       0x33 ./src/FPEC_program.o
 .ARM.attributes
                0x00000330       0x33 ./src/GPIO_program.o
 .ARM.attributes
                0x00000363       0x33 ./src/Led_program.o
 .ARM.attributes
                0x00000396       0x33 ./src/RCC_program.o
 .ARM.attributes
                0x000003c9       0x33 ./src/SYSTICK_program.o
 .ARM.attributes
                0x000003fc       0x33 ./src/USART_program.o
 .ARM.attributes
                0x0000042f       0x33 ./src/Util_String_program.o
 .ARM.attributes
                0x00000462       0x33 ./src/main.o
 .ARM.attributes
                0x00000495       0x2d e:/arm tools/imt_arm_course/imt_arm_course/02- tools/03- imt sdk/imt_sdk_win_64/imt_sdk_win_64/winarm/armgcc/bin/../lib/gcc/arm-none-eabi/7.2.1/../../../../arm-none-eabi/lib/thumb/v7-m\libg_nano.a(lib_a-errno.o)
 .ARM.attributes
                0x000004c2       0x2d e:/arm tools/imt_arm_course/imt_arm_course/02- tools/03- imt sdk/imt_sdk_win_64/imt_sdk_win_64/winarm/armgcc/bin/../lib/gcc/arm-none-eabi/7.2.1/../../../../arm-none-eabi/lib/thumb/v7-m\libg_nano.a(lib_a-impure.o)
 .ARM.attributes
                0x000004ef       0x2d e:/arm tools/imt_arm_course/imt_arm_course/02- tools/03- imt sdk/imt_sdk_win_64/imt_sdk_win_64/winarm/armgcc/bin/../lib/gcc/arm-none-eabi/7.2.1/../../../../arm-none-eabi/lib/thumb/v7-m\libg_nano.a(lib_a-memset.o)
 .ARM.attributes
                0x0000051c       0x2d e:/arm tools/imt_arm_course/imt_arm_course/02- tools/03- imt sdk/imt_sdk_win_64/imt_sdk_win_64/winarm/armgcc/bin/../lib/gcc/arm-none-eabi/7.2.1/../../../../arm-none-eabi/lib/thumb/v7-m\libg_nano.a(lib_a-sprintf.o)
 .ARM.attributes
                0x00000549       0x17 e:/arm tools/imt_arm_course/imt_arm_course/02- tools/03- imt sdk/imt_sdk_win_64/imt_sdk_win_64/winarm/armgcc/bin/../lib/gcc/arm-none-eabi/7.2.1/../../../../arm-none-eabi/lib/thumb/v7-m\libg_nano.a(lib_a-strlen.o)
 .ARM.attributes
                0x00000560       0x2d e:/arm tools/imt_arm_course/imt_arm_course/02- tools/03- imt sdk/imt_sdk_win_64/imt_sdk_win_64/winarm/armgcc/bin/../lib/gcc/arm-none-eabi/7.2.1/../../../../arm-none-eabi/lib/thumb/v7-m\libg_nano.a(lib_a-vsnprintf.o)
 .ARM.attributes
                0x0000058d       0x2d e:/arm tools/imt_arm_course/imt_arm_course/02- tools/03- imt sdk/imt_sdk_win_64/imt_sdk_win_64/winarm/armgcc/bin/../lib/gcc/arm-none-eabi/7.2.1/../../../../arm-none-eabi/lib/thumb/v7-m\libg_nano.a(lib_a-nano-svfprintf.o)
 .ARM.attributes
                0x000005ba       0x2d e:/arm tools/imt_arm_course/imt_arm_course/02- tools/03- imt sdk/imt_sdk_win_64/imt_sdk_win_64/winarm/armgcc/bin/../lib/gcc/arm-none-eabi/7.2.1/../../../../arm-none-eabi/lib/thumb/v7-m\libg_nano.a(lib_a-nano-vfprintf_i.o)
 .ARM.attributes
                0x000005e7       0x2d e:/arm tools/imt_arm_course/imt_arm_course/02- tools/03- imt sdk/imt_sdk_win_64/imt_sdk_win_64/winarm/armgcc/bin/../lib/gcc/arm-none-eabi/7.2.1/../../../../arm-none-eabi/lib/thumb/v7-m\libg_nano.a(lib_a-memchr-stub.o)
 .ARM.attributes
                0x00000614       0x2d e:/arm tools/imt_arm_course/imt_arm_course/02- tools/03- imt sdk/imt_sdk_win_64/imt_sdk_win_64/winarm/armgcc/bin/../lib/gcc/arm-none-eabi/7.2.1/../../../../arm-none-eabi/lib/thumb/v7-m\libg_nano.a(lib_a-memcpy-stub.o)
 .ARM.attributes
                0x00000641       0x2d e:/arm tools/imt_arm_course/imt_arm_course/02- tools/03- imt sdk/imt_sdk_win_64/imt_sdk_win_64/winarm/armgcc/bin/../lib/gcc/arm-none-eabi/7.2.1/../../../../arm-none-eabi/lib/thumb/v7-m\libg_nano.a(lib_a-memmove.o)
 .ARM.attributes
                0x0000066e       0x2d e:/arm tools/imt_arm_course/imt_arm_course/02- tools/03- imt sdk/imt_sdk_win_64/imt_sdk_win_64/winarm/armgcc/bin/../lib/gcc/arm-none-eabi/7.2.1/../../../../arm-none-eabi/lib/thumb/v7-m\libg_nano.a(lib_a-nano-freer.o)
 .ARM.attributes
                0x0000069b       0x2d e:/arm tools/imt_arm_course/imt_arm_course/02- tools/03- imt sdk/imt_sdk_win_64/imt_sdk_win_64/winarm/armgcc/bin/../lib/gcc/arm-none-eabi/7.2.1/../../../../arm-none-eabi/lib/thumb/v7-m\libg_nano.a(lib_a-nano-mallocr.o)
 .ARM.attributes
                0x000006c8       0x2d e:/arm tools/imt_arm_course/imt_arm_course/02- tools/03- imt sdk/imt_sdk_win_64/imt_sdk_win_64/winarm/armgcc/bin/../lib/gcc/arm-none-eabi/7.2.1/../../../../arm-none-eabi/lib/thumb/v7-m\libg_nano.a(lib_a-nano-reallocr.o)
 .ARM.attributes
                0x000006f5       0x2d e:/arm tools/imt_arm_course/imt_arm_course/02- tools/03- imt sdk/imt_sdk_win_64/imt_sdk_win_64/winarm/armgcc/bin/../lib/gcc/arm-none-eabi/7.2.1/../../../../arm-none-eabi/lib/thumb/v7-m\libg_nano.a(lib_a-sbrkr.o)
 .ARM.attributes
                0x00000722       0x2d e:/arm tools/imt_arm_course/imt_arm_course/02- tools/03- imt sdk/imt_sdk_win_64/imt_sdk_win_64/winarm/armgcc/bin/../lib/gcc/arm-none-eabi/7.2.1/../../../../arm-none-eabi/lib/thumb/v7-m\libg_nano.a(lib_a-mlock.o)
 .ARM.attributes
                0x0000074f       0x2d e:/arm tools/imt_arm_course/imt_arm_course/02- tools/03- imt sdk/imt_sdk_win_64/imt_sdk_win_64/winarm/armgcc/bin/../lib/gcc/arm-none-eabi/7.2.1/../../../../arm-none-eabi/lib/thumb/v7-m\libg_nano.a(lib_a-nano-msizer.o)

.debug
 *(.debug)

.line
 *(.line)

.debug_srcinfo
 *(.debug_srcinfo)

.debug_sfnames
 *(.debug_sfnames)

.debug_aranges  0x00000000      0x6c0
 *(.debug_aranges)
 .debug_aranges
                0x00000000       0x28 ./system/src/newlib/_exit.o
 .debug_aranges
                0x00000028       0x20 ./system/src/newlib/_sbrk.o
 .debug_aranges
                0x00000048       0x40 ./system/src/newlib/_startup.o
 .debug_aranges
                0x00000088       0x30 ./system/src/newlib/_syscalls.o
 .debug_aranges
                0x000000b8       0x38 ./system/src/diag/Trace.o
 .debug_aranges
                0x000000f0       0x30 ./system/src/diag/trace_impl.o
 .debug_aranges
                0x00000120       0x28 ./system/src/cortexm/_initialize_hardware.o
 .debug_aranges
                0x00000148       0x90 ./system/src/cortexm/exception_handlers.o
 .debug_aranges
                0x000001d8       0x38 ./system/src/cmsis/system_stm32f10x.o
 .debug_aranges
                0x00000210       0x20 ./system/src/cmsis/vectors_stm32f10x.o
 .debug_aranges
                0x00000230       0x50 ./src/BLPrint_program.o
 .debug_aranges
                0x00000280       0x40 ./src/BLServices_program.o
 .debug_aranges
                0x000002c0       0x48 ./src/Bootloader_program.o
 .debug_aranges
                0x00000308       0x50 ./src/ComM_program.o
 .debug_aranges
                0x00000358       0x68 ./src/ESP_program.o
 .debug_aranges
                0x000003c0       0x60 ./src/FPEC_program.o
 .debug_aranges
                0x00000420       0x50 ./src/GPIO_program.o
 .debug_aranges
                0x00000470       0x38 ./src/Led_program.o
 .debug_aranges
                0x000004a8       0x70 ./src/RCC_program.o
 .debug_aranges
                0x00000518       0x70 ./src/SYSTICK_program.o
 .debug_aranges
                0x00000588       0xe0 ./src/USART_program.o
 .debug_aranges
                0x00000668       0x30 ./src/Util_String_program.o
 .debug_aranges
                0x00000698       0x28 ./src/main.o

.debug_pubnames
 *(.debug_pubnames)

.debug_info     0x00000000     0xb054
 *(.debug_info .gnu.linkonce.wi.*)
 .debug_info    0x00000000      0x956 ./system/src/newlib/_exit.o
 .debug_info    0x00000956      0x942 ./system/src/newlib/_sbrk.o
 .debug_info    0x00001298      0x42e ./system/src/newlib/_startup.o
 .debug_info    0x000016c6      0xa19 ./system/src/newlib/_syscalls.o
 .debug_info    0x000020df      0xb2a ./system/src/diag/Trace.o
 .debug_info    0x00002c09      0x363 ./system/src/diag/trace_impl.o
 .debug_info    0x00002f6c      0x2b5 ./system/src/cortexm/_initialize_hardware.o
 .debug_info    0x00003221     0x1140 ./system/src/cortexm/exception_handlers.o
 .debug_info    0x00004361      0x494 ./system/src/cmsis/system_stm32f10x.o
 .debug_info    0x000047f5       0xca ./system/src/cmsis/vectors_stm32f10x.o
 .debug_info    0x000048bf      0xbe8 ./src/BLPrint_program.o
 .debug_info    0x000054a7     0x1067 ./src/BLServices_program.o
 .debug_info    0x0000650e      0xf8b ./src/Bootloader_program.o
 .debug_info    0x00007499      0x68a ./src/ComM_program.o
 .debug_info    0x00007b23     0x1187 ./src/ESP_program.o
 .debug_info    0x00008caa      0x4ff ./src/FPEC_program.o
 .debug_info    0x000091a9      0x31d ./src/GPIO_program.o
 .debug_info    0x000094c6      0x315 ./src/Led_program.o
 .debug_info    0x000097db      0x506 ./src/RCC_program.o
 .debug_info    0x00009ce1      0x2dd ./src/SYSTICK_program.o
 .debug_info    0x00009fbe      0xbb2 ./src/USART_program.o
 .debug_info    0x0000ab70      0x18c ./src/Util_String_program.o
 .debug_info    0x0000acfc      0x358 ./src/main.o

.debug_abbrev   0x00000000     0x277b
 *(.debug_abbrev)
 .debug_abbrev  0x00000000      0x1f3 ./system/src/newlib/_exit.o
 .debug_abbrev  0x000001f3      0x1fc ./system/src/newlib/_sbrk.o
 .debug_abbrev  0x000003ef      0x1b3 ./system/src/newlib/_startup.o
 .debug_abbrev  0x000005a2      0x234 ./system/src/newlib/_syscalls.o
 .debug_abbrev  0x000007d6      0x276 ./system/src/diag/Trace.o
 .debug_abbrev  0x00000a4c      0x1e2 ./system/src/diag/trace_impl.o
 .debug_abbrev  0x00000c2e       0xea ./system/src/cortexm/_initialize_hardware.o
 .debug_abbrev  0x00000d18      0x32b ./system/src/cortexm/exception_handlers.o
 .debug_abbrev  0x00001043      0x177 ./system/src/cmsis/system_stm32f10x.o
 .debug_abbrev  0x000011ba       0x9d ./system/src/cmsis/vectors_stm32f10x.o
 .debug_abbrev  0x00001257      0x272 ./src/BLPrint_program.o
 .debug_abbrev  0x000014c9      0x251 ./src/BLServices_program.o
 .debug_abbrev  0x0000171a      0x29d ./src/Bootloader_program.o
 .debug_abbrev  0x000019b7      0x12b ./src/ComM_program.o
 .debug_abbrev  0x00001ae2      0x26f ./src/ESP_program.o
 .debug_abbrev  0x00001d51      0x13a ./src/FPEC_program.o
 .debug_abbrev  0x00001e8b      0x123 ./src/GPIO_program.o
 .debug_abbrev  0x00001fae      0x121 ./src/Led_program.o
 .debug_abbrev  0x000020cf      0x1b4 ./src/RCC_program.o
 .debug_abbrev  0x00002283      0x174 ./src/SYSTICK_program.o
 .debug_abbrev  0x000023f7      0x21b ./src/USART_program.o
 .debug_abbrev  0x00002612       0x9b ./src/Util_String_program.o
 .debug_abbrev  0x000026ad       0xce ./src/main.o

.debug_line     0x00000000     0x544a
 *(.debug_line)
 .debug_line    0x00000000      0x42b ./system/src/newlib/_exit.o
 .debug_line    0x0000042b      0x3df ./system/src/newlib/_sbrk.o
 .debug_line    0x0000080a      0x499 ./system/src/newlib/_startup.o
 .debug_line    0x00000ca3      0x52c ./system/src/newlib/_syscalls.o
 .debug_line    0x000011cf      0x4a7 ./system/src/diag/Trace.o
 .debug_line    0x00001676      0x714 ./system/src/diag/trace_impl.o
 .debug_line    0x00001d8a      0x3ab ./system/src/cortexm/_initialize_hardware.o
 .debug_line    0x00002135      0x7d6 ./system/src/cortexm/exception_handlers.o
 .debug_line    0x0000290b      0x41e ./system/src/cmsis/system_stm32f10x.o
 .debug_line    0x00002d29      0x137 ./system/src/cmsis/vectors_stm32f10x.o
 .debug_line    0x00002e60      0x4fd ./src/BLPrint_program.o
 .debug_line    0x0000335d      0x5bb ./src/BLServices_program.o
 .debug_line    0x00003918      0x50d ./src/Bootloader_program.o
 .debug_line    0x00003e25      0x29a ./src/ComM_program.o
 .debug_line    0x000040bf      0x598 ./src/ESP_program.o
 .debug_line    0x00004657      0x19f ./src/FPEC_program.o
 .debug_line    0x000047f6      0x132 ./src/GPIO_program.o
 .debug_line    0x00004928      0x122 ./src/Led_program.o
 .debug_line    0x00004a4a      0x26d ./src/RCC_program.o
 .debug_line    0x00004cb7      0x17e ./src/SYSTICK_program.o
 .debug_line    0x00004e35      0x42a ./src/USART_program.o
 .debug_line    0x0000525f      0x112 ./src/Util_String_program.o
 .debug_line    0x00005371       0xd9 ./src/main.o

.debug_frame    0x00000000     0x12a4
 *(.debug_frame)
 .debug_frame   0x00000000       0x38 ./system/src/newlib/_exit.o
 .debug_frame   0x00000038       0x28 ./system/src/newlib/_sbrk.o
 .debug_frame   0x00000060       0x7c ./system/src/newlib/_startup.o
 .debug_frame   0x000000dc       0x50 ./system/src/newlib/_syscalls.o
 .debug_frame   0x0000012c       0x94 ./system/src/diag/Trace.o
 .debug_frame   0x000001c0       0x64 ./system/src/diag/trace_impl.o
 .debug_frame   0x00000224       0x40 ./system/src/cortexm/_initialize_hardware.o
 .debug_frame   0x00000264      0x158 ./system/src/cortexm/exception_handlers.o
 .debug_frame   0x000003bc       0x6c ./system/src/cmsis/system_stm32f10x.o
 .debug_frame   0x00000428       0x20 ./system/src/cmsis/vectors_stm32f10x.o
 .debug_frame   0x00000448       0xd8 ./src/BLPrint_program.o
 .debug_frame   0x00000520       0xc0 ./src/BLServices_program.o
 .debug_frame   0x000005e0       0xac ./src/Bootloader_program.o
 .debug_frame   0x0000068c      0x11c ./src/ComM_program.o
 .debug_frame   0x000007a8      0x138 ./src/ESP_program.o
 .debug_frame   0x000008e0       0xcc ./src/FPEC_program.o
 .debug_frame   0x000009ac       0xa4 ./src/GPIO_program.o
 .debug_frame   0x00000a50       0x7c ./src/Led_program.o
 .debug_frame   0x00000acc       0xcc ./src/RCC_program.o
 .debug_frame   0x00000b98       0xdc ./src/SYSTICK_program.o
 .debug_frame   0x00000c74      0x214 ./src/USART_program.o
 .debug_frame   0x00000e88       0x58 ./src/Util_String_program.o
 .debug_frame   0x00000ee0       0x48 ./src/main.o
 .debug_frame   0x00000f28       0x20 e:/arm tools/imt_arm_course/imt_arm_course/02- tools/03- imt sdk/imt_sdk_win_64/imt_sdk_win_64/winarm/armgcc/bin/../lib/gcc/arm-none-eabi/7.2.1/../../../../arm-none-eabi/lib/thumb/v7-m\libg_nano.a(lib_a-errno.o)
 .debug_frame   0x00000f48       0x20 e:/arm tools/imt_arm_course/imt_arm_course/02- tools/03- imt sdk/imt_sdk_win_64/imt_sdk_win_64/winarm/armgcc/bin/../lib/gcc/arm-none-eabi/7.2.1/../../../../arm-none-eabi/lib/thumb/v7-m\libg_nano.a(lib_a-memset.o)
 .debug_frame   0x00000f68       0x6c e:/arm tools/imt_arm_course/imt_arm_course/02- tools/03- imt sdk/imt_sdk_win_64/imt_sdk_win_64/winarm/armgcc/bin/../lib/gcc/arm-none-eabi/7.2.1/../../../../arm-none-eabi/lib/thumb/v7-m\libg_nano.a(lib_a-sprintf.o)
 .debug_frame   0x00000fd4       0x4c e:/arm tools/imt_arm_course/imt_arm_course/02- tools/03- imt sdk/imt_sdk_win_64/imt_sdk_win_64/winarm/armgcc/bin/../lib/gcc/arm-none-eabi/7.2.1/../../../../arm-none-eabi/lib/thumb/v7-m\libg_nano.a(lib_a-vsnprintf.o)
 .debug_frame   0x00001020       0x90 e:/arm tools/imt_arm_course/imt_arm_course/02- tools/03- imt sdk/imt_sdk_win_64/imt_sdk_win_64/winarm/armgcc/bin/../lib/gcc/arm-none-eabi/7.2.1/../../../../arm-none-eabi/lib/thumb/v7-m\libg_nano.a(lib_a-nano-svfprintf.o)
 .debug_frame   0x000010b0       0x60 e:/arm tools/imt_arm_course/imt_arm_course/02- tools/03- imt sdk/imt_sdk_win_64/imt_sdk_win_64/winarm/armgcc/bin/../lib/gcc/arm-none-eabi/7.2.1/../../../../arm-none-eabi/lib/thumb/v7-m\libg_nano.a(lib_a-nano-vfprintf_i.o)
 .debug_frame   0x00001110       0x28 e:/arm tools/imt_arm_course/imt_arm_course/02- tools/03- imt sdk/imt_sdk_win_64/imt_sdk_win_64/winarm/armgcc/bin/../lib/gcc/arm-none-eabi/7.2.1/../../../../arm-none-eabi/lib/thumb/v7-m\libg_nano.a(lib_a-memchr-stub.o)
 .debug_frame   0x00001138       0x28 e:/arm tools/imt_arm_course/imt_arm_course/02- tools/03- imt sdk/imt_sdk_win_64/imt_sdk_win_64/winarm/armgcc/bin/../lib/gcc/arm-none-eabi/7.2.1/../../../../arm-none-eabi/lib/thumb/v7-m\libg_nano.a(lib_a-memcpy-stub.o)
 .debug_frame   0x00001160       0x28 e:/arm tools/imt_arm_course/imt_arm_course/02- tools/03- imt sdk/imt_sdk_win_64/imt_sdk_win_64/winarm/armgcc/bin/../lib/gcc/arm-none-eabi/7.2.1/../../../../arm-none-eabi/lib/thumb/v7-m\libg_nano.a(lib_a-memmove.o)
 .debug_frame   0x00001188       0x38 e:/arm tools/imt_arm_course/imt_arm_course/02- tools/03- imt sdk/imt_sdk_win_64/imt_sdk_win_64/winarm/armgcc/bin/../lib/gcc/arm-none-eabi/7.2.1/../../../../arm-none-eabi/lib/thumb/v7-m\libg_nano.a(lib_a-nano-freer.o)
 .debug_frame   0x000011c0       0x2c e:/arm tools/imt_arm_course/imt_arm_course/02- tools/03- imt sdk/imt_sdk_win_64/imt_sdk_win_64/winarm/armgcc/bin/../lib/gcc/arm-none-eabi/7.2.1/../../../../arm-none-eabi/lib/thumb/v7-m\libg_nano.a(lib_a-nano-mallocr.o)
 .debug_frame   0x000011ec       0x3c e:/arm tools/imt_arm_course/imt_arm_course/02- tools/03- imt sdk/imt_sdk_win_64/imt_sdk_win_64/winarm/armgcc/bin/../lib/gcc/arm-none-eabi/7.2.1/../../../../arm-none-eabi/lib/thumb/v7-m\libg_nano.a(lib_a-nano-reallocr.o)
 .debug_frame   0x00001228       0x2c e:/arm tools/imt_arm_course/imt_arm_course/02- tools/03- imt sdk/imt_sdk_win_64/imt_sdk_win_64/winarm/armgcc/bin/../lib/gcc/arm-none-eabi/7.2.1/../../../../arm-none-eabi/lib/thumb/v7-m\libg_nano.a(lib_a-sbrkr.o)
 .debug_frame   0x00001254       0x30 e:/arm tools/imt_arm_course/imt_arm_course/02- tools/03- imt sdk/imt_sdk_win_64/imt_sdk_win_64/winarm/armgcc/bin/../lib/gcc/arm-none-eabi/7.2.1/../../../../arm-none-eabi/lib/thumb/v7-m\libg_nano.a(lib_a-mlock.o)
 .debug_frame   0x00001284       0x20 e:/arm tools/imt_arm_course/imt_arm_course/02- tools/03- imt sdk/imt_sdk_win_64/imt_sdk_win_64/winarm/armgcc/bin/../lib/gcc/arm-none-eabi/7.2.1/../../../../arm-none-eabi/lib/thumb/v7-m\libg_nano.a(lib_a-nano-msizer.o)

.debug_str      0x00000000    0x5a4a2
 *(.debug_str)
 .debug_str     0x00000000     0x7d1e ./system/src/newlib/_exit.o
                               0x7ef1 (size before relaxing)
 .debug_str     0x00007d1e      0x4f5 ./system/src/newlib/_sbrk.o
                               0x72a3 (size before relaxing)
 .debug_str     0x00008213      0xbbd ./system/src/newlib/_startup.o
                               0x69de (size before relaxing)
 .debug_str     0x00008dd0      0xe8b ./system/src/newlib/_syscalls.o
                               0x817e (size before relaxing)
 .debug_str     0x00009c5b      0x826 ./system/src/diag/Trace.o
                               0x8669 (size before relaxing)
 .debug_str     0x0000a481    0x4b2b9 ./system/src/diag/trace_impl.o
                              0x52a4f (size before relaxing)
 .debug_str     0x0005573a       0xc4 ./system/src/cortexm/_initialize_hardware.o
                              0x4e840 (size before relaxing)
 .debug_str     0x000557fe      0x1a6 ./system/src/cortexm/exception_handlers.o
                              0x53c74 (size before relaxing)
 .debug_str     0x000559a4      0x114 ./system/src/cmsis/system_stm32f10x.o
                              0x4e8da (size before relaxing)
 .debug_str     0x00055ab8       0x57 ./system/src/cmsis/vectors_stm32f10x.o
                               0x387f (size before relaxing)
 .debug_str     0x00055b0f      0x4fb ./src/BLPrint_program.o
                               0x7afd (size before relaxing)
 .debug_str     0x0005600a      0x8eb ./src/BLServices_program.o
                               0x6c64 (size before relaxing)
 .debug_str     0x000568f5     0x144b ./src/Bootloader_program.o
                               0x850c (size before relaxing)
 .debug_str     0x00057d40      0x47d ./src/ComM_program.o
                               0x3c16 (size before relaxing)
 .debug_str     0x000581bd      0x5ef ./src/ESP_program.o
                               0x81a1 (size before relaxing)
 .debug_str     0x000587ac      0x7eb ./src/FPEC_program.o
                               0x3956 (size before relaxing)
 .debug_str     0x00058f97      0x157 ./src/GPIO_program.o
                               0x37db (size before relaxing)
 .debug_str     0x000590ee       0xf7 ./src/Led_program.o
                               0x37a1 (size before relaxing)
 .debug_str     0x000591e5      0x63c ./src/RCC_program.o
                               0x3b30 (size before relaxing)
 .debug_str     0x00059821      0x3b9 ./src/SYSTICK_program.o
                               0x344b (size before relaxing)
 .debug_str     0x00059bda      0x7f0 ./src/USART_program.o
                               0x4e47 (size before relaxing)
 .debug_str     0x0005a3ca       0xb8 ./src/Util_String_program.o
                               0x30bc (size before relaxing)
 .debug_str     0x0005a482       0x20 ./src/main.o
                               0x39df (size before relaxing)

.debug_loc      0x00000000     0x2ea4
 *(.debug_loc)
 .debug_loc     0x00000000       0x85 ./system/src/newlib/_sbrk.o
 .debug_loc     0x00000085      0x1a9 ./system/src/newlib/_startup.o
 .debug_loc     0x0000022e       0x63 ./system/src/newlib/_syscalls.o
 .debug_loc     0x00000291       0xf6 ./system/src/diag/Trace.o
 .debug_loc     0x00000387      0x121 ./system/src/diag/trace_impl.o
 .debug_loc     0x000004a8      0x291 ./system/src/cortexm/exception_handlers.o
 .debug_loc     0x00000739       0xdf ./system/src/cmsis/system_stm32f10x.o
 .debug_loc     0x00000818      0x122 ./src/BLPrint_program.o
 .debug_loc     0x0000093a      0x478 ./src/BLServices_program.o
 .debug_loc     0x00000db2       0xaf ./src/Bootloader_program.o
 .debug_loc     0x00000e61      0x622 ./src/ComM_program.o
 .debug_loc     0x00001483      0x43d ./src/ESP_program.o
 .debug_loc     0x000018c0      0x12a ./src/FPEC_program.o
 .debug_loc     0x000019ea      0x25e ./src/GPIO_program.o
 .debug_loc     0x00001c48      0x156 ./src/Led_program.o
 .debug_loc     0x00001d9e      0x380 ./src/RCC_program.o
 .debug_loc     0x0000211e      0x15b ./src/SYSTICK_program.o
 .debug_loc     0x00002279      0x9db ./src/USART_program.o
 .debug_loc     0x00002c54      0x250 ./src/Util_String_program.o

.debug_macinfo
 *(.debug_macinfo)

.debug_weaknames
 *(.debug_weaknames)

.debug_funcnames
 *(.debug_funcnames)

.debug_typenames
 *(.debug_typenames)

.debug_varnames
 *(.debug_varnames)
OUTPUT(Bootloader_projectv1.elf elf32-littlearm)

.debug_ranges   0x00000000      0x5c8
 .debug_ranges  0x00000000       0x18 ./system/src/newlib/_exit.o
 .debug_ranges  0x00000018       0x10 ./system/src/newlib/_sbrk.o
 .debug_ranges  0x00000028       0x78 ./system/src/newlib/_startup.o
 .debug_ranges  0x000000a0       0x20 ./system/src/newlib/_syscalls.o
 .debug_ranges  0x000000c0       0x28 ./system/src/diag/Trace.o
 .debug_ranges  0x000000e8       0x50 ./system/src/diag/trace_impl.o
 .debug_ranges  0x00000138       0x18 ./system/src/cortexm/_initialize_hardware.o
 .debug_ranges  0x00000150       0x80 ./system/src/cortexm/exception_handlers.o
 .debug_ranges  0x000001d0       0x28 ./system/src/cmsis/system_stm32f10x.o
 .debug_ranges  0x000001f8       0x10 ./system/src/cmsis/vectors_stm32f10x.o
 .debug_ranges  0x00000208       0x40 ./src/BLPrint_program.o
 .debug_ranges  0x00000248       0x30 ./src/BLServices_program.o
 .debug_ranges  0x00000278       0x38 ./src/Bootloader_program.o
 .debug_ranges  0x000002b0       0x40 ./src/ComM_program.o
 .debug_ranges  0x000002f0       0x58 ./src/ESP_program.o
 .debug_ranges  0x00000348       0x50 ./src/FPEC_program.o
 .debug_ranges  0x00000398       0x40 ./src/GPIO_program.o
 .debug_ranges  0x000003d8       0x28 ./src/Led_program.o
 .debug_ranges  0x00000400       0x60 ./src/RCC_program.o
 .debug_ranges  0x00000460       0x60 ./src/SYSTICK_program.o
 .debug_ranges  0x000004c0       0xd0 ./src/USART_program.o
 .debug_ranges  0x00000590       0x20 ./src/Util_String_program.o
 .debug_ranges  0x000005b0       0x18 ./src/main.o

.debug_macro    0x00000000     0x3900
 .debug_macro   0x00000000      0x1b4 ./system/src/newlib/_exit.o
 .debug_macro   0x000001b4       0x9c ./system/src/newlib/_exit.o
 .debug_macro   0x00000250      0x10e ./system/src/newlib/_exit.o
 .debug_macro   0x0000035e       0x8d ./system/src/newlib/_exit.o
 .debug_macro   0x000003eb       0x43 ./system/src/newlib/_exit.o
 .debug_macro   0x0000042e      0x330 ./system/src/newlib/_exit.o
 .debug_macro   0x0000075e       0x35 ./system/src/newlib/_exit.o
 .debug_macro   0x00000793      0x169 ./system/src/newlib/_sbrk.o
 .debug_macro   0x000008fc      0x174 ./system/src/newlib/_sbrk.o
 .debug_macro   0x00000a70       0x10 ./system/src/newlib/_sbrk.o
 .debug_macro   0x00000a80      0x23b ./system/src/newlib/_sbrk.o
 .debug_macro   0x00000cbb      0x173 ./system/src/newlib/_startup.o
 .debug_macro   0x00000e2e      0x217 ./system/src/newlib/_syscalls.o
 .debug_macro   0x00001045       0x1c ./system/src/newlib/_syscalls.o
 .debug_macro   0x00001061       0x10 ./system/src/newlib/_syscalls.o
 .debug_macro   0x00001071       0x10 ./system/src/newlib/_syscalls.o
 .debug_macro   0x00001081       0x10 ./system/src/newlib/_syscalls.o
 .debug_macro   0x00001091       0x35 ./system/src/newlib/_syscalls.o
 .debug_macro   0x000010c6      0x122 ./system/src/newlib/_syscalls.o
 .debug_macro   0x000011e8       0x88 ./system/src/newlib/_syscalls.o
 .debug_macro   0x00001270       0x2b ./system/src/newlib/_syscalls.o
 .debug_macro   0x0000129b      0x118 ./system/src/newlib/_syscalls.o
 .debug_macro   0x000013b3      0x189 ./system/src/newlib/_syscalls.o
 .debug_macro   0x0000153c       0x16 ./system/src/newlib/_syscalls.o
 .debug_macro   0x00001552      0x1fb ./system/src/diag/Trace.o
 .debug_macro   0x0000174d       0x16 ./system/src/diag/Trace.o
 .debug_macro   0x00001763       0x97 ./system/src/diag/Trace.o
 .debug_macro   0x000017fa       0xfd ./system/src/diag/Trace.o
 .debug_macro   0x000018f7       0x10 ./system/src/diag/Trace.o
 .debug_macro   0x00001907       0x16 ./system/src/diag/Trace.o
 .debug_macro   0x0000191d      0x16f ./system/src/diag/Trace.o
 .debug_macro   0x00001a8c       0x4c ./system/src/diag/Trace.o
 .debug_macro   0x00001ad8       0x16 ./system/src/diag/Trace.o
 .debug_macro   0x00001aee      0x2da ./system/src/diag/trace_impl.o
 .debug_macro   0x00001dc8       0x10 ./system/src/diag/trace_impl.o
 .debug_macro   0x00001dd8       0xcf ./system/src/diag/trace_impl.o
 .debug_macro   0x00001ea7       0xbe ./system/src/diag/trace_impl.o
 .debug_macro   0x00001f65       0x22 ./system/src/diag/trace_impl.o
 .debug_macro   0x00001f87      0x16b ./system/src/cortexm/_initialize_hardware.o
 .debug_macro   0x000020f2      0x324 ./system/src/cortexm/exception_handlers.o
 .debug_macro   0x00002416       0x3b ./system/src/cortexm/exception_handlers.o
 .debug_macro   0x00002451       0x10 ./system/src/cortexm/exception_handlers.o
 .debug_macro   0x00002461      0x16e ./system/src/cmsis/system_stm32f10x.o
 .debug_macro   0x000025cf       0x34 ./system/src/cmsis/vectors_stm32f10x.o
 .debug_macro   0x00002603      0x1f2 ./src/BLPrint_program.o
 .debug_macro   0x000027f5       0x58 ./src/BLPrint_program.o
 .debug_macro   0x0000284d       0x1c ./src/BLPrint_program.o
 .debug_macro   0x00002869       0x34 ./src/BLPrint_program.o
 .debug_macro   0x0000289d       0x2e ./src/BLPrint_program.o
 .debug_macro   0x000028cb       0x1c ./src/BLPrint_program.o
 .debug_macro   0x000028e7       0x34 ./src/BLPrint_program.o
 .debug_macro   0x0000291b       0x16 ./src/BLPrint_program.o
 .debug_macro   0x00002931      0x16e ./src/BLServices_program.o
 .debug_macro   0x00002a9f       0x10 ./src/BLServices_program.o
 .debug_macro   0x00002aaf       0x46 ./src/BLServices_program.o
 .debug_macro   0x00002af5       0x10 ./src/BLServices_program.o
 .debug_macro   0x00002b05       0x16 ./src/BLServices_program.o
 .debug_macro   0x00002b1b       0x46 ./src/BLServices_program.o
 .debug_macro   0x00002b61       0x88 ./src/BLServices_program.o
 .debug_macro   0x00002be9       0x3a ./src/BLServices_program.o
 .debug_macro   0x00002c23      0x180 ./src/Bootloader_program.o
 .debug_macro   0x00002da3      0x154 ./src/Bootloader_program.o
 .debug_macro   0x00002ef7       0x46 ./src/Bootloader_program.o
 .debug_macro   0x00002f3d      0x142 ./src/Bootloader_program.o
 .debug_macro   0x0000307f       0xa0 ./src/Bootloader_program.o
 .debug_macro   0x0000311f       0x58 ./src/Bootloader_program.o
 .debug_macro   0x00003177       0x1c ./src/Bootloader_program.o
 .debug_macro   0x00003193       0x5f ./src/ComM_program.o
 .debug_macro   0x000031f2       0x10 ./src/ComM_program.o
 .debug_macro   0x00003202       0x10 ./src/ComM_program.o
 .debug_macro   0x00003212      0x21f ./src/ESP_program.o
 .debug_macro   0x00003431       0x28 ./src/ESP_program.o
 .debug_macro   0x00003459       0x7c ./src/ESP_program.o
 .debug_macro   0x000034d5       0x47 ./src/FPEC_program.o
 .debug_macro   0x0000351c       0x22 ./src/FPEC_program.o
 .debug_macro   0x0000353e       0x5e ./src/FPEC_program.o
 .debug_macro   0x0000359c       0x48 ./src/GPIO_program.o
 .debug_macro   0x000035e4       0x56 ./src/Led_program.o
 .debug_macro   0x0000363a       0x10 ./src/Led_program.o
 .debug_macro   0x0000364a       0x10 ./src/Led_program.o
 .debug_macro   0x0000365a       0x50 ./src/RCC_program.o
 .debug_macro   0x000036aa       0x16 ./src/RCC_program.o
 .debug_macro   0x000036c0       0x10 ./src/RCC_program.o
 .debug_macro   0x000036d0       0x16 ./src/RCC_program.o
 .debug_macro   0x000036e6       0x4a ./src/SYSTICK_program.o
 .debug_macro   0x00003730       0x40 ./src/SYSTICK_program.o
 .debug_macro   0x00003770       0x80 ./src/USART_program.o
 .debug_macro   0x000037f0       0x28 ./src/USART_program.o
 .debug_macro   0x00003818       0x6a ./src/USART_program.o
 .debug_macro   0x00003882       0x36 ./src/Util_String_program.o
 .debug_macro   0x000038b8       0x48 ./src/main.o
